---
source: crates/diffler/src/graph/view.rs
expression: render(&mut v).backend()
---
"╭────────╮       ╭─ ▾ test × ─────────╮      ╭─────────╮      ╭──────────────────╮                                      "
"│ lint ✓ │ ───╮  │ ╭───────────────╮  │   ╭─▸│ build ● │───┬─▸│ publish-crates · │                                      "
"╰────────╯    │  │ │ test ubuntu ✓ │  │   │  ╰─────────╯   │  ╰──────────────────╯                                      "
"              │  │ ╰───────────────╯  │   │                │                                                            "
"╭─────────╮   │  │                    │   │                │  ╭───────────────╮                                         "
"│ typos ✓ │───┤  │ ╭──────────────╮   │   │                ├─▸│ publish-npm · │                                         "
"╰─────────╯   │  │ │ test macos ✓ │   │   │                │  ╰───────────────╯                                         "
"              ├─▸│ ╰──────────────╯   │───╯                │                                                            "
"╭────────╮    │  │                    │                    │  ╭───────────────╮                                         "
"│ deny ✓ │ ───╯  │ ╭────────────────╮ │                    ╰─▸│ publish-aur · │                                         "
"╰────────╯       │ │ test windows × │ │                       ╰───────────────╯                                         "
"                 │ ╰────────────────╯ │                                                                                 "
"                 │                    │                                                                                 "
"                 ╰────────────────────╯                                                                                 "
"                                                                                                                        "
"                                                                                                                        "
"                                                                                                                        "
"                                                                                                                        "
"                                                                                                                        "
"                                                                                                                        "
"                                                                                                                        "
"                                                                                                                        "
"                                                                                                                        "
"                                                                                                                        "
"                                                                                                                        "
"                                                                                                                        "
"                                                                                                                        "
"                                                                                                                        "
"                                                                                                                        "
"                                                                                                                        "
"                                                                                                                        "
"                                                                                                                        "
"                                                                                                                        "
"                                                                                                                        "
"                                                                                                                        "
"                                                                                                                        "
"                                                                                                                        "
"                                                                                                                        "
"                                                                                                                        "
"                                                                                                                        "
