---
source: crates/diffler/src/graph/mod.rs
expression: render(&mut app).backend()
---
" hjkl move · n/N follow edge · g/G ends · q quit                                "
"╭─────────╮      ╭────────────────╮      ╭─────────╮      ╭──────────────────╮  "
"│ lint ✓  │───┬─▸│ test windows ✗ │───┬─▸│ build ● │───┬─▸│ publish-crates · │  "
"╰─────────╯   │  ╰────────────────╯   │  ╰─────────╯   │  ╰──────────────────╯  "
"              │                       │                │                        "
"╭─────────╮   │  ╭────────────────╮   │                │  ╭──────────────────╮  "
"│ typos ✓ │───┼─▸│ test ubuntu ✓  │───┤                ├─▸│  publish-npm ·   │  "
"╰─────────╯   │  ╰────────────────╯   │                │  ╰──────────────────╯  "
"              │                       │                │                        "
"╭─────────╮   │  ╭────────────────╮   │                │  ╭──────────────────╮  "
"│ deny ✓  │───┴─▸│  test macos ✓  │───╯                ╰─▸│  publish-aur ·   │  "
"╰─────────╯      ╰────────────────╯                       ╰──────────────────╯  "
"                                                                                "
"                                                                                "
"                                                                                "
"                                                                                "
"                                                                                "
"                                                                                "
"                                                                                "
"                                                                                "
"                                                                                "
"                                                                                "
"                                                                                "
" GRAPH  engine: layered  nodes: 10  sel: lint                                   "
