---
source: crates/diffler/src/graph/mod.rs
expression: render(&mut app).backend()
---
" hjkl move · n/N edge · ⏎ collapse · +/- zoom · g/G ends · q quit               "
"╭────────╮       ╭─ ▾ test ✗ ─────────╮      ╭─────────╮      ╭─────────────────"
"│ lint ✓ │ ───╮  │ ╭───────────────╮  │   ╭─▸│ build ● │───┬─▸│ publish-crates ·"
"╰────────╯    │  │ │ test ubuntu ✓ │  │   │  ╰─────────╯   │  ╰─────────────────"
"              │  │ ╰───────────────╯  │   │                │                    "
"╭─────────╮   │  │                    │   │                │  ╭───────────────╮ "
"│ typos ✓ │───┤  │ ╭──────────────╮   │   │                ├─▸│ publish-npm · │ "
"╰─────────╯   │  │ │ test macos ✓ │   │   │                │  ╰───────────────╯ "
"              ├─▸│ ╰──────────────╯   │───╯                │                    "
"╭────────╮    │  │                    │                    │  ╭───────────────╮ "
"│ deny ✓ │ ───╯  │ ╭────────────────╮ │                    ╰─▸│ publish-aur · │ "
"╰────────╯       │ │ test windows ✗ │ │                       ╰───────────────╯ "
"                 │ ╰────────────────╯ │                                         "
"                 │                    │                                         "
"                 ╰────────────────────╯                                         "
"                                                                                "
"                                                                                "
"                                                                                "
"                                                                                "
"                                                                                "
"                                                                                "
"                                                                                "
"                                                                                "
" GRAPH  engine: layered  zoom: normal  nodes: 11  sel: lint                     "
