---
source: crates/diffler/src/graph/mod.rs
expression: terminal.backend()
---
" hjkl move · n/N edge · ⏎ collapse · +/- zoom · g/G ends · q quit                                                       "
"╭─────────╮        ╭────────────────╮        ╭─────────╮        ╭──────────────────╮                                    "
"│ lint ✓  │        │ test windows ✗ │        │ build ● │        │ publish-crates · │                                    "
"│ success │────┬──▸│     failed     │────┬──▸│ running │────┬──▸│      queued      │                                    "
"╰─────────╯    │   ╰────────────────╯    │   ╰─────────╯    │   ╰──────────────────╯                                    "
"               │                         │                  │                                                           "
"╭─────────╮    │   ╭────────────────╮    │                  │   ╭──────────────────╮                                    "
"│ typos ✓ │    │   │ test ubuntu ✓  │    │                  │   │  publish-npm ·   │                                    "
"│ success │────┼──▸│    success     │────┤                  ├──▸│      queued      │                                    "
"╰─────────╯    │   ╰────────────────╯    │                  │   ╰──────────────────╯                                    "
"               │                         │                  │                                                           "
"╭─────────╮    │   ╭────────────────╮    │                  │   ╭──────────────────╮                                    "
"│ deny ✓  │    │   │  test macos ✓  │    │                  │   │  publish-aur ·   │                                    "
"│ success │────┴──▸│    success     │────╯                  ╰──▸│      queued      │                                    "
"╰─────────╯        ╰────────────────╯                           ╰──────────────────╯                                    "
"                                                                                                                        "
"                                                                                                                        "
"                                                                                                                        "
"                                                                                                                        "
"                                                                                                                        "
"                                                                                                                        "
"                                                                                                                        "
"                                                                                                                        "
"                                                                                                                        "
"                                                                                                                        "
"                                                                                                                        "
"                                                                                                                        "
"                                                                                                                        "
"                                                                                                                        "
"                                                                                                                        "
"                                                                                                                        "
"                                                                                                                        "
"                                                                                                                        "
"                                                                                                                        "
"                                                                                                                        "
"                                                                                                                        "
"                                                                                                                        "
"                                                                                                                        "
"                                                                                                                        "
" GRAPH  engine: layered  zoom: detail  nodes: 10  sel: lint                                                             "
