---
source: crates/diffler/src/graph/mod.rs
expression: terminal.backend()
---
" hjkl move · n/N edge · ⏎ collapse · +/- zoom · g/G ends · q quit                                                       "
"╭─────────╮        ╭──────────╮        ╭────────────────╮        ╭──────────────────╮                                   "
"│ lint ✓  │        │ ▾ test ✗ │        │ test ubuntu ✓  │        │ publish-crates · │                                   "
"│ success │────┬──▸│  failed  │────┬──▸│    success     │    ╭──▸│      queued      │                                   "
"╰─────────╯    │   ╰──────────╯    │   ╰────────────────╯    │   ╰──────────────────╯                                   "
"               │                   │                         │                                                          "
"╭─────────╮    │                   │   ╭────────────────╮    │   ╭──────────────────╮                                   "
"│ typos ✓ │    │                   │   │  test macos ✓  │    │   │  publish-npm ·   │                                   "
"│ success │────┤                   ├──▸│    success     │    ├──▸│      queued      │                                   "
"╰─────────╯    │                   │   ╰────────────────╯    │   ╰──────────────────╯                                   "
"               │                   │                         │                                                          "
"╭─────────╮    │                   │   ╭────────────────╮    │   ╭──────────────────╮                                   "
"│ deny ✓  │    │                   │   │    build ●     │    │   │  publish-aur ·   │                                   "
"│ success │────╯                   ├──▸│    running     │────┴──▸│      queued      │                                   "
"╰─────────╯                        │   ╰────────────────╯        ╰──────────────────╯                                   "
"                                   │                                                                                    "
"                                   │   ╭────────────────╮                                                               "
"                                   │   │ test windows ✗ │                                                               "
"                                   ╰──▸│     failed     │                                                               "
"                                       ╰────────────────╯                                                               "
"                                                                                                                        "
"                                                                                                                        "
"                                                                                                                        "
"                                                                                                                        "
"                                                                                                                        "
"                                                                                                                        "
"                                                                                                                        "
"                                                                                                                        "
"                                                                                                                        "
"                                                                                                                        "
"                                                                                                                        "
"                                                                                                                        "
"                                                                                                                        "
"                                                                                                                        "
"                                                                                                                        "
"                                                                                                                        "
"                                                                                                                        "
"                                                                                                                        "
"                                                                                                                        "
" GRAPH  engine: layered  zoom: detail  nodes: 11  sel: lint                                                             "
