---
source: crates/diffler/src/graph/tui_nodes.rs
expression: terminal.backend()
---
"                                                                      ┌lint┐     ┌test┐     ┌build┐        ┌test ubuntu┐"
"                                                                      │    ├─────┤    ├─────┤     ├──╮     │           │"
"                                                                      └────┘  ╭──┤────┘     └─────├──│╮    └───────────┘"
"                                                                     ┌typos┐  │╭─┤                ├─╮││     ┌test macos┐"
"                                                                     │     ├──╯│                    │││     │          │"
"                                                                     └─────┘   │                    │││     └──────────┘"
"                                                                      ┌deny┐   │                    │││   ┌test windows┐"
"                                                                      │    ├───╯                    │││   │            │"
"                                                                      └────┘                        │││   └────────────┘"
"                                                                                                    │││ ┌publish-crates┐"
"                                                                                                    │╰│─┤              │"
"                                                                                                    │ │ └──────────────┘"
"                                                                                                    │ │    ┌publish-npm┐"
"                                                                                                    │ ╰────┤           │"
"                                                                                                    │      └───────────┘"
"                                                                                                    │      ┌publish-aur┐"
"                                                                                                    ╰──────┤           │"
"                                                                                                           └───────────┘"
"                                                                                                                        "
"                                                                                                                        "
"                                                                                                                        "
"                                                                                                                        "
"                                                                                                                        "
"                                                                                                                        "
"                                                                                                                        "
"                                                                                                                        "
"                                                                                                                        "
"                                                                                                                        "
"                                                                                                                        "
"                                                                                                                        "
"                                                                                                                        "
"                                                                                                                        "
"                                                                                                                        "
"                                                                                                                        "
"                                                                                                                        "
"                                                                                                                        "
"                                                                                                                        "
"                                                                                                                        "
"                                                                                                                        "
"                                                                                                                        "
