---
source: crates/diffler/src/graph/mod.rs
expression: render(&mut app).backend()
---
" hjkl move · n/N edge · ⏎ collapse · +/- zoom · g/G ends · q quit               "
"[ lint ✓  ]─┬▸[ ▾ test ✗ ]─┬▸[ test ubuntu ✓  ] ╭▸[ publish-cra… · ]            "
"[ typos ✓ ]─┤              ├▸[  test macos ✓  ] ├▸[ publish-npm ·  ]            "
"[ deny ✓  ]─╯              ├▸[    build ●     ]─┴▸[ publish-aur ·  ]            "
"                           ╰▸[ test windows ✗ ]                                 "
"                                                                                "
"                                                                                "
"                                                                                "
"                                                                                "
"                                                                                "
"                                                                                "
"                                                                                "
"                                                                                "
"                                                                                "
"                                                                                "
"                                                                                "
"                                                                                "
"                                                                                "
"                                                                                "
"                                                                                "
"                                                                                "
"                                                                                "
"                                                                                "
" GRAPH  engine: layered  zoom: compact  nodes: 11  sel: lint                    "
