---
source: crates/diffler/src/graph/mod.rs
expression: terminal.backend()
---
" hjkl move · n/N edge · ⏎ collapse · +/- zoom · g/G ends · q quit                                                       "
"╭────────╮         ╭─ ▾ test ✗ ─────────╮        ╭─────────╮        ╭──────────────────╮                                "
"│ lint ✓ │         │ ╭───────────────╮  │        │ build ● │        │ publish-crates · │                                "
"│success │ ────╮   │ │ test ubuntu ✓ │  │    ╭──▸│ running │────┬──▸│      queued      │                                "
"╰────────╯     │   │ │    success    │  │    │   ╰─────────╯    │   ╰──────────────────╯                                "
"               │   │ ╰───────────────╯  │    │                  │                                                       "
"╭─────────╮    │   │                    │    │                  │   ╭───────────────╮                                   "
"│ typos ✓ │    │   │ ╭──────────────╮   │    │                  │   │ publish-npm · │                                   "
"│ success │────┤   │ │ test macos ✓ │   │    │                  ├──▸│    queued     │                                   "
"╰─────────╯    ├──▸│ │   success    │   │────╯                  │   ╰───────────────╯                                   "
"               │   │ ╰──────────────╯   │                       │                                                       "
"╭────────╮     │   │                    │                       │   ╭───────────────╮                                   "
"│ deny ✓ │     │   │ ╭────────────────╮ │                       │   │ publish-aur · │                                   "
"│success │ ────╯   │ │ test windows ✗ │ │                       ╰──▸│    queued     │                                   "
"╰────────╯         │ │     failed     │ │                           ╰───────────────╯                                   "
"                   │ ╰────────────────╯ │                                                                               "
"                   │                    │                                                                               "
"                   ╰────────────────────╯                                                                               "
"                                                                                                                        "
"                                                                                                                        "
"                                                                                                                        "
"                                                                                                                        "
"                                                                                                                        "
"                                                                                                                        "
"                                                                                                                        "
"                                                                                                                        "
"                                                                                                                        "
"                                                                                                                        "
"                                                                                                                        "
"                                                                                                                        "
"                                                                                                                        "
"                                                                                                                        "
"                                                                                                                        "
"                                                                                                                        "
"                                                                                                                        "
"                                                                                                                        "
"                                                                                                                        "
"                                                                                                                        "
"                                                                                                                        "
" GRAPH  engine: layered  zoom: detail  nodes: 11  sel: lint                                                             "
