---
source: crates/diffler/src/graph/mod.rs
expression: terminal.backend()
---
" hjkl move · n/N edge · c collapse · +/- zoom · g/G ends · q quit                                                       "
"╭──────╮      ╭────────╮      ╭───────╮      ╭──────────╮      ╭───────╮                                                "
"│ main │───┬─▸│  load  │─────▸│ parse │────┬─│─tokenize─│───┬─▸│ error │                                                "
"╰──────╯   │  ╰────────╯      ╰───────╯    │ ╰──────────╯   │  ╰───────╯                                                "
"           │                               │                │                                                           "
"           │  ╭────────╮      ╭───────╮    │ ╭──────────╮   │                                                           "
"           ├─▸│  eval  │──────│─apply─│────┼▸│ builtin  │───╯                                                           "
"           │  ╰────────╯      ╰───────╯    │ ╰──────────╯                                                               "
"           │       ▴              │        │                                                                            "
"           │  ╭────────╮          │        │                                                                            "
"           ╰─▸│ render │──────────┼────────╯                                                                            "
"              ╰────────╯          │                                                                                     "
"                   ╰──────────────╯                                                                                     "
"                                                                                                                        "
"                                                                                                                        "
"                                                                                                                        "
"                                                                                                                        "
"                                                                                                                        "
"                                                                                                                        "
"                                                                                                                        "
"                                                                                                                        "
"                                                                                                                        "
"                                                                                                                        "
"                                                                                                                        "
"                                                                                                                        "
"                                                                                                                        "
"                                                                                                                        "
"                                                                                                                        "
"                                                                                                                        "
"                                                                                                                        "
"                                                                                                                        "
"                                                                                                                        "
"                                                                                                                        "
"                                                                                                                        "
"                                                                                                                        "
"                                                                                                                        "
"                                                                                                                        "
"                                                                                                                        "
"                                                                                                                        "
" GRAPH  engine: layered  zoom: normal  nodes: 9  sel: main                                                              "
