---
source: crates/diffler/src/graph/mod.rs
expression: render(&mut app).backend()
---
" hjkl move · n/N follow edge · g/G ends · q quit                                "
"             [lint ✓]   [typos ✓]   [deny ✓]                                    "
"           ┌─────┘──────────┼┐──────────└──────┐                                "
"           │                └┐                 │                                "
"           ↓                 ↓                 ↓                                "
"   [test windows ✗]   [test ubuntu ✓]   [test macos ✓]                          "
"           └────────────────┐┘                 │                                "
"                            │──────────────────┘                                "
"                            ↓                                                   "
"                        [build ●]                                               "
"           ┌────────────────└─┐─────────────────┐                               "
"           ↓                  ↓                 ↓                               "
"  [publish-crates ·]   [publish-npm ·]   [publish-aur ·]                        "
"                                                                                "
"                                                                                "
"                                                                                "
"                                                                                "
"                                                                                "
"                                                                                "
"                                                                                "
"                                                                                "
"                                                                                "
"                                                                                "
" GRAPH  engine: ascii-dag  nodes: 10  sel: lint                                 "
