---
source: crates/diffler/src/graph/tui_nodes.rs
expression: terminal.backend()
---
"                                                              ┌lint┐      ┌test ubuntu┐     ┌build┐     ┌publish-crates┐"
"                                                              │    ├──────┤           ├─────┤     ├─────┤              │"
"                                                              └────├──╮╭──┤───────────┘  ╭──┤─────├───╮ └──────────────┘"
"                                                              ┌typos┐ ││                 │╭─┤     ├───│╮   ┌publish-npm┐"
"                                                              │     ├─│╯                 ││           ╰│───┤           │"
"                                                              └─────┘ ╰╮                 ││            │   └───────────┘"
"                                                                ┌deny┐ │   ┌test macos┐  ││            │   ┌publish-aur┐"
"                                                                │    ├─│───┤          ├──╯│            ╰───┤           │"
"                                                                └────┘ ╰───┤──────────┘   │                └───────────┘"
"                                                                         ┌test windows┐   │                             "
"                                                                        α┤            ├───╯                             "
"                                                                         └────────────┘                                 "
"                                                                                                                        "
"                                                                                                                        "
"                                                                                                                        "
"                                                                                                                        "
"                                                                                                                        "
"                                                                                                                        "
"                                                                                                                        "
"                                                                                                                        "
"                                                                                                                        "
"                                                                                                                        "
"                                                                                                                        "
"                                                                                                                        "
"                                                                                                                        "
"                                                                                                                        "
"                                                                                                                        "
"                                                                                                                        "
"                                                                                                                        "
"                                                                                                                        "
"                                                                                                                        "
"                                                                                                                        "
"                                                                                                                        "
"                                                                                                                        "
"                                                                                                                        "
"                                                                                                                        "
"                                                                                                                        "
"                                                                                                                        "
"                                                                                                                        "
"                                                                                                                        "
