---
source: crates/diffler/src/graph/view.rs
expression: render(&mut v).backend()
---
"                 ╭─ ▾ test × ─────────╮                                                                                 "
"                 │ ╭───────────────╮  │                                                                                 "
"╭────────╮       │ │ test ubuntu ✓ │  │                       ╭──────────────────╮                                      "
"│ lint ✓ │ ───╮  │ ╰───────────────╯  │                    ╭─▸│ publish-crates · │                                      "
"╰────────╯    │  │                    │                    │  ╰──────────────────╯                                      "
"              │  │ ╭──────────────╮   │                    │                                                            "
"╭─────────╮   │  │ │ test macos ✓ │   │      ╭─────────╮   │  ╭───────────────╮                                         "
"│ typos ✓ │───┼─▸│ ╰──────────────╯   │─────▸│ build ● │───┼─▸│ publish-npm · │                                         "
"╰─────────╯   │  │                    │      ╰─────────╯   │  ╰───────────────╯                                         "
"              │  │ ╭────────────────╮ │                    │                                                            "
"╭────────╮    │  │ │ test windows × │ │                    │  ╭───────────────╮                                         "
"│ deny ✓ │ ───╯  │ ╰────────────────╯ │                    ╰─▸│ publish-aur · │                                         "
"╰────────╯       │                    │                       ╰───────────────╯                                         "
"                 ╰────────────────────╯                                                                                 "
"                                                                                                                        "
"                                                                                                                        "
"                                                                                                                        "
"                                                                                                                        "
"                                                                                                                        "
"                                                                                                                        "
"                                                                                                                        "
"                                                                                                                        "
"                                                                                                                        "
"                                                                                                                        "
"                                                                                                                        "
"                                                                                                                        "
"                                                                                                                        "
"                                                                                                                        "
"                                                                                                                        "
"                                                                                                                        "
"                                                                                                                        "
"                                                                                                                        "
"                                                                                                                        "
"                                                                                                                        "
"                                                                                                                        "
"                                                                                                                        "
"                                                                                                                        "
"                                                                                                                        "
"                                                                                                                        "
"                                                                                                                        "
