---
source: crates/diffler/src/graph/view.rs
expression: render(&mut v).backend()
---
"╭────────╮                                              ╭──────────────────╮                                            "
"│ lint ✓ │ ───╮                                      ╭─▸│ publish-crates · │                                            "
"╰────────╯    │                                      │  ╰──────────────────╯                                            "
"              │                                      │                                                                  "
"╭─────────╮   │  ╭──────────────╮      ╭─────────╮   │  ╭───────────────╮                                               "
"│ typos ✓ │───┼─▸│ ▸ test (3) × │─────▸│ build ● │───┼─▸│ publish-npm · │                                               "
"╰─────────╯   │  ╰──────────────╯      ╰─────────╯   │  ╰───────────────╯                                               "
"              │                                      │                                                                  "
"╭────────╮    │                                      │  ╭───────────────╮                                               "
"│ deny ✓ │ ───╯                                      ╰─▸│ publish-aur · │                                               "
"╰────────╯                                              ╰───────────────╯                                               "
"                                                                                                                        "
"                                                                                                                        "
"                                                                                                                        "
"                                                                                                                        "
"                                                                                                                        "
"                                                                                                                        "
"                                                                                                                        "
"                                                                                                                        "
"                                                                                                                        "
"                                                                                                                        "
"                                                                                                                        "
"                                                                                                                        "
"                                                                                                                        "
"                                                                                                                        "
"                                                                                                                        "
"                                                                                                                        "
"                                                                                                                        "
"                                                                                                                        "
"                                                                                                                        "
"                                                                                                                        "
"                                                                                                                        "
"                                                                                                                        "
"                                                                                                                        "
"                                                                                                                        "
"                                                                                                                        "
"                                                                                                                        "
"                                                                                                                        "
"                                                                                                                        "
"                                                                                                                        "
