---
source: crates/diffler/src/graph/mod.rs
expression: terminal.backend()
---
" hjkl move · n/N edge · ⏎ collapse · +/- zoom · g/G ends · q quit                                                       "
"╭──────────────────╮      ╭─────────╮      ╭───────────────────╮      ╭───────╮                                         "
"│ create-release · │─────▸│ build · │───┬─▸│ publish-release · │───┬─▸│ npm · │                                         "
"╰──────────────────╯      ╰─────────╯   │  ╰───────────────────╯   │  ╰───────╯                                         "
"                                        │                          │                                                    "
"                                        │  ╭──────────╮            │  ╭────────────────────╮                            "
"                                        ╰─▸│ crates · │            ╰─▸│ package-managers · │                            "
"                                           ╰──────────╯               ╰────────────────────╯                            "
"                                                                                                                        "
"                                                                                                                        "
"                                                                                                                        "
"                                                                                                                        "
"                                                                                                                        "
"                                                                                                                        "
"                                                                                                                        "
"                                                                                                                        "
"                                                                                                                        "
"                                                                                                                        "
"                                                                                                                        "
"                                                                                                                        "
"                                                                                                                        "
"                                                                                                                        "
"                                                                                                                        "
"                                                                                                                        "
"                                                                                                                        "
"                                                                                                                        "
"                                                                                                                        "
"                                                                                                                        "
"                                                                                                                        "
"                                                                                                                        "
"                                                                                                                        "
"                                                                                                                        "
"                                                                                                                        "
"                                                                                                                        "
"                                                                                                                        "
"                                                                                                                        "
"                                                                                                                        "
"                                                                                                                        "
"                                                                                                                        "
" GRAPH  engine: layered  zoom: normal  nodes: 6  sel: create-release                                                    "
