---
source: crates/diffler/src/graph/tui_nodes.rs
expression: terminal.backend()
---
"                                                                      ┌lint┐     ┌test┐                    ┌test ubuntu┐"
"                                                                      │    ├─────┤    ├──╮       ╭─────────┤           │"
"                                                                      └────┘  ╭──┤────├──│───────╯         └───────────┘"
"                                                                     ┌typos┐  │╭─┤    ├──│╮ ┌build┐         ┌test macos┐"
"                                                                     │     ├──╯│      ├─╮╰│─┤     ├α╭───────┤          │"
"                                                                     └─────┘   │        │ │ └─────├─│─╮     └──────────┘"
"                                                                      ┌deny┐   │        │ ╰───────├β╯ │   ┌test windows┐"
"                                                                      │    ├───╯        ╰─────────────│───┤            │"
"                                                                      └────┘                          │   └────────────┘"
"                                                                                                      │ ┌publish-crates┐"
"                                                                                                      │α┤              │"
"                                                                                                      │ └──────────────┘"
"                                                                                                      │    ┌publish-npm┐"
"                                                                                                      ╰────┤           │"
"                                                                                                           └───────────┘"
"                                                                                                           ┌publish-aur┐"
"                                                                                                          β┤           │"
"                                                                                                           └───────────┘"
"                                                                                                                        "
"                                                                                                                        "
"                                                                                                                        "
"                                                                                                                        "
"                                                                                                                        "
"                                                                                                                        "
"                                                                                                                        "
"                                                                                                                        "
"                                                                                                                        "
"                                                                                                                        "
"                                                                                                                        "
"                                                                                                                        "
"                                                                                                                        "
"                                                                                                                        "
"                                                                                                                        "
"                                                                                                                        "
"                                                                                                                        "
"                                                                                                                        "
"                                                                                                                        "
"                                                                                                                        "
"                                                                                                                        "
"                                                                                                                        "
