---
source: crates/diffler/src/graph/mod.rs
expression: render(&mut app).backend()
---
" hjkl move · n/N edge · ⏎ collapse · +/- zoom · g/G ends · q quit               "
"[ lint ✓ ] ─╮ ╭─ ▾ test ✗ ─────────╮ ╭▸[ build ● ]─┬▸[ publish-cra… · ]         "
"            │ │ [ test ubuntu ✓ ]  │ │             │                            "
"[ typos ✓ ]─┤ │                    │ │             ├▸[ publish-npm · ]          "
"            │ │ [ test macos ✓ ]   │ │             │                            "
"[ deny ✓ ] ─┴▸│                    │─╯             ╰▸[ publish-aur · ]          "
"              │ [ test windows ✗ ] │                                            "
"              │                    │                                            "
"              ╰────────────────────╯                                            "
"                                                                                "
"                                                                                "
"                                                                                "
"                                                                                "
"                                                                                "
"                                                                                "
"                                                                                "
"                                                                                "
"                                                                                "
"                                                                                "
"                                                                                "
"                                                                                "
"                                                                                "
"                                                                                "
" GRAPH  engine: layered  zoom: compact  nodes: 11  sel: lint                    "
