---
source: crates/diffler/src/ui/image_pane.rs
expression: terminal.backend()
---
" c add comment · r reply · m mark viewed · C see comment list · ? help                                                  "
" Files                           Diff                                                                                   "
"▌● logo.png                      modified  logo.png (binary)                                                            "
"                                ╭ before ──────────────────────────────────╮ ╭ after ──────────────────────────────────╮"
"                                │                                          │ │                                         │"
"                                │                                          │ │                                         │"
"                                │                                          │ │                                         │"
"                                │                                          │ │                                         │"
"                                │                                          │ │                                         │"
"                                │                                          │ │                                         │"
"                                │                                          │ │                                         │"
"                                │                                          │ │                                         │"
"                                │                                          │ │                                         │"
"                                │                                          │ │                                         │"
"                                │                                          │ │                                         │"
"                                │                                          │ │                                         │"
"                                │                                          │ │                                         │"
"                                │                                          │ │                                         │"
"                                │                                          │ │                                         │"
"                                │                                          │ │                                         │"
"                                │                                          │ │                                         │"
"                                │                                          │ │                                         │"
"                                │                                          │ │                                         │"
"                                │                                          │ │                                         │"
"                                │                                          │ │                                         │"
"                                │                                          │ │                                         │"
"                                │ ▀▀▀▀▀▀▀▀▀▀▀▀▀▀▀▀▀▀▀▀▀▀▀▀▀▀▀▀▀▀▀▀▀▀▀▀▀▀▀▀▀│ │▀▀▀▀▀▀▀▀▀▀▀▀▀▀▀▀▀▀▀▀▀▀▀▀▀▀▀▀▀▀▀▀▀▀▀▀▀▀▀▀▀│"
"                                │                                          │ │                                         │"
"                                │                                          │ │                                         │"
"                                │                                          │ │                                         │"
"                                │                                          │ │                                         │"
"                                │                                          │ │                                         │"
"                                │                                          │ │                                         │"
"                                │                                          │ │                                         │"
"                                │                                          │ │                                         │"
"                                │                                          │ │                                         │"
"                                │                                          │ │                                         │"
"                                │                                          │ │                                         │"
"                                ╰──────────────────────────── 12×6 · 143 B ╯ ╰─────────────────────────── 16×8 · 145 B ╯"
" DIFF  fixture@main · mcp off · viewed 0/1 files                                                                        "
