---
source: crates/diffler/src/ui/diff.rs
expression: render(&mut app).backend()
---
" c comment · r reply · m viewed · C all comments · ? help                                                               "
" Files                           Diff d9516cb..df770b9                                                                  "
" ▾ src                    +4 -1  new file  ci.yml                                                            +1 -0 █████"
"   ● lib.rs               +1 -1  @@ -0,0 +1,1 @@                                                                        "
"   + util.rs              +3 -0 ▌        1 on: push                                                                     "
"▌+ ci.yml                 +1 -0                                                                                         "
" ● notes.txt              +1 -0                                                                                         "
" + todo.md                +1 -0                                                                                         "
"                                                                                                                        "
"                                                                                                                        "
"                                                                                                                        "
"                                                                                                                        "
"                                                                                                                        "
"                                                                                                                        "
"                                                                                                                        "
"                                                                                                                        "
"                                                                                                                        "
"                                                                                                                        "
"                                                                                                                        "
"                                                                                                                        "
"                                                                                                                        "
"                                                                                                                        "
"                                                                                                                        "
"                                                                                                                        "
"                                                                                                                        "
"                                                                                                                        "
"                                                                                                                        "
"                                                                                                                        "
"                                                                                                                        "
"                                                                                                                        "
"                                                                                                                        "
"                                                                                                                        "
"                                                                                                                        "
"                                                                                                                        "
"                                                                                                                        "
"                                                                                                                        "
"                                                                                                                        "
"                                                                                                                        "
"                                                                                                                        "
" DIFF  fixture@main · mcp off · viewed 0/5 files                                                                        "
