---
source: crates/diffler/src/ui/prs.rs
expression: terminal.backend()
---
" <cr> review · b checkout · y yank url · / search · ? help                      "
"  no open pull requests…                                                        "
"                                                                                "
"                                                                                "
"                                                                                "
" PRS  fixture@main · mcp off · 3 files, 0 viewed                                "
