---
source: crates/diffler/src/ui/status.rs
expression: render(&mut app).backend()
---
" Hint: c commit  b branch  s stage  x discard  ? help                                                                   "
" Head:     main c1ac28f initial commit                                                                                  "
" Changes   +3 -1  █████                                                                                                 "
"                                                                                                                        "
" ▾ Untracked (1) +1 -0                                                                                                  "
" ? todo.md +1 -0                                                                                                        "
"                                                                                                                        "
" ▾ Unstaged changes (1) +1 -1                                                                                           "
" M src/lib.rs +1 -1                                                                                                     "
"                                                                                                                        "
" ▾ Staged changes (1) +1 -0                                                                                             "
" A ci.yml +1 -0                                                                                                         "
"                                                                                                                        "
" ▸ Recent commits (1)                                                                                                   "
"                                                                                                                        "
"                                                                                                                        "
"                                                                                                                        "
"                                                                                                                        "
"                                                                                                                        "
"                                                                                                                        "
"                                                                                                                        "
"                                                                                                                        "
"                                                                                                                        "
"                                                                                                                        "
"                                                                                                                        "
"                                                                                                                        "
"                                                                                                                        "
"                                                                                                                        "
"                                                                                                                        "
"                                                                                                                        "
"                                                                                                                        "
"                                                                                                                        "
"                                                                                                                        "
"                                                                                                                        "
" Commit ────────────────────────────────────────────────────────────────────────────────────────────────────────────────"
" Create                                                                                                                 "
" c  Commit                                                                                                              "
" e  Extend                                                                                                              "
" a  Amend                                                                                                               "
" w  Reword                                                                                                              "
