---
source: crates/diffler/src/ui/status.rs
expression: render(&mut app).backend()
---
" c commit · b branch · s stage · x discard · ? help                                                                     "
" Head:     main ↑2 cf00eb3 second unpushed                                                                              "
" Changes   +1 -0  █████                                                                                                 "
"                                                                                                                        "
"▌▾ Untracked (1) +1 -0                                                                                                  "
" ○ todo.md +1 -0                                                                                                        "
"                                                                                                                        "
" ▾ Unpushed (2)                                                                                                         "
"     cf00eb3 second unpushed                                                                                   test  1h "
"     c9fa7fd first unpushed                                                                                    test  1h "
"                                                                                                                        "
" ▸ Recent commits (1)                                                                                                   "
"                                                                                                                        "
" Repo      ─────────────────────────────────────────────────────────────────────────────────────────────────────────────"
"                                                                                                                        "
" ▸ Branches (1)                                                                                                         "
"                                                                                                                        "
"                                                                                                                        "
"                                                                                                                        "
"                                                                                                                        "
"                                                                                                                        "
"                                                                                                                        "
"                                                                                                                        "
"                                                                                                                        "
"                                                                                                                        "
"                                                                                                                        "
"                                                                                                                        "
"                                                                                                                        "
"                                                                                                                        "
"                                                                                                                        "
"                                                                                                                        "
"                                                                                                                        "
"                                                                                                                        "
"                                                                                                                        "
"                                                                                                                        "
"                                                                                                                        "
"                                                                                                                        "
"                                                                                                                        "
"                                                                                                                        "
" STATUS  fixture@main · mcp off · 1 file, 0 viewed                                                                      "
