---
source: crates/diffler/src/ui/diff.rs
expression: render(&mut app).backend()
---
" c add comment · r reply · m mark viewed · C see comment list · ? help                                                  "
" Files                           Diff                                                                                   "
"▌▸ src                    +2 -0  modified  src/a.rs ✓ viewed                                                 +1 -0 █████"
"                                 @@ -1,1 +1,2 @@                                                                        "
"                                    1    1 one                                                                          "
"                                ▌        2 two                                                                          "
"                                                                                                                        "
"                                                                                                                        "
"                                                                                                                        "
"                                                                                                                        "
"                                                                                                                        "
"                                                                                                                        "
"                                                                                                                        "
"                                                                                                                        "
"                                                                                                                        "
"                                                                                                                        "
"                                                                                                                        "
"                                                                                                                        "
"                                                                                                                        "
"                                                                                                                        "
"                                                                                                                        "
"                                                                                                                        "
"                                                                                                                        "
"                                                                                                                        "
"                                                                                                                        "
"                                                                                                                        "
"                                                                                                                        "
"                                                                                                                        "
"                                                                                                                        "
"                                                                                                                        "
"                                                                                                                        "
"                                                                                                                        "
"                                                                                                                        "
"                                                                                                                        "
"                                                                                                                        "
"                                                                                                                        "
"                                                                                                                        "
"                                                                                                                        "
"                                                                                                                        "
" DIFF  fixture@main · mcp off · viewed 1/2 files                                                                        "
