---
source: crates/diffler/src/ui/diff.rs
expression: render(&mut app).backend()
---
" c comment · r reply · v viewed · C all comments · ? help                                                               "
" Files                           Diff                                                      Comments (1)                 "
" ▾ src                    +1 -1  new file  ci.yml · 1 comment                 +1 -0 █████ ▌○ ci.yml:1                   "
"   ● lib.rs               +1 -1  @@ -0,0 +1,1 @@                                          ▌ this line reads oddly and   "
"▌+ ci.yml ·1              +1 -0 ▌        1 on: push                                       ▌ should wrap across the      "
" ○ todo.md                +1 -0   ▌ reviewer · open                                       ▌ column                      "
"                                  ▌ this line reads oddly and should wrap across the                                    "
"                                  ▌ column                                                                              "
"                                                                                                                        "
"                                                                                                                        "
"                                                                                                                        "
"                                                                                                                        "
"                                                                                                                        "
"                                                                                                                        "
"                                                                                                                        "
"                                                                                                                        "
"                                                                                                                        "
"                                                                                                                        "
"                                                                                                                        "
"                                                                                                                        "
"                                                                                                                        "
"                                                                                                                        "
"                                                                                                                        "
"                                                                                                                        "
"                                                                                                                        "
"                                                                                                                        "
"                                                                                                                        "
"                                                                                                                        "
"                                                                                                                        "
"                                                                                                                        "
"                                                                                                                        "
"                                                                                                                        "
"                                                                                                                        "
"                                                                                                                        "
"                                                                                                                        "
"                                                                                                                        "
"                                                                                                                        "
"                                                                                                                        "
"                                                                                                                        "
" DIFF  fixture@main · mcp off · viewed 0/3 files                                                                        "
