---
source: crates/diffler/src/ui/status.rs
expression: terminal.backend()
---
" c commit · b branch · s stage · x discard · ? help                                                                     "
" Head:     main c1ac28f initial commit                                                                                  "
" Changes   +3 -1  █████                                                                                                 "
" Languages ████████████████  Rust 50% · Markdown 25% · YAML 25%                                                         "
" Help: status keys ─────────────────────────────────────────────────────────────────────────────────────────────────────"
"Actions                                                                                                                 "
" V  select several rows                               ?  show the keys                                                  "
" j  move down                                         q  go back                                                        "
" k  move up                                           c  Commit …                                                       "
" gg  go to top                                          c  Commit                                                       "
" G  go to bottom                                        e  Extend                                                       "
" <c-d>  scroll down half a page                         a  Amend                                                        "
" <c-u>  scroll up half a page                           w  Reword                                                       "
" m  mark this file or folder as viewed                b  Branch …                                                       "
" <c-n>  jump to the next section                        b  Checkout branch                                              "
" <c-p>  jump to the previous section                    c  Create and checkout                                          "
" <tab>  fold or unfold the item under the cursor        n  Create                                                       "
" s  stage file or hunk                                  D  Delete                                                       "
" u  unstage file or hunk                                p  Pull requests                                                "
" S  stage everything                                    P  Open a pull request                                          "
" U  unstage everything                                d  Diff against …                                                 "
" x  discard the changes under the cursor                d  Base branch                                                  "
" <c-r>  reload                                          c  Last commit                                                  "
" <cr>  open the item under the cursor                   b  A branch                                                     "
" D  review all uncommitted changes                      s  A commit from the log                                        "
" T  change the theme                                    w  HEAD (working tree)                                          "
" o  see CI runs                                       l  Log …                                                          "
" [  jump to the previous section                        l  Current branch                                               "
" ]  jump to the next section                          P  Push …                                                         "
" e  open this file in your editor                       p  Push                                                         "
" <c-g>  edit this text in your editor                   u  Push and set upstream                                        "
" gf  find a file in the repository                    p  Pull …                                                         "
" B  blame this file: see who last changed each line     p  Pull                                                         "
" L  see lines of code per language                    f  Fetch …                                                        "
" y  copy the web link                                   f  Fetch                                                        "
" Z  send your comments to the waiting agent             a  Fetch all remotes                                            "
" /  search                                            z  Stash …                                                        "
" n  go to the next match                                z  Stash changes                                                "
" N  go to the previous match                            p  Pop latest stash                                             "
" <c-k>  search all commands                                                                                             "
