---
source: crates/diffler/src/ui/diff.rs
expression: render(&mut app).backend()
---
" Hint: <tab> focus  c comment  V select  r reply  R resolve  v viewed  <c-n>/<c-p> file  y/Y copy  q back               "
"╭ Files ─────────────────────╮╭ Diff ──────────────────────────────────────────────────────────────────────────────────╮"
"│ ▾ src                      ││ untracked todo.md                                                           +1 -0 █████│"
"│   M lib.rs ✓          +1 -1││                                                                                        │"
"│ A ci.yml ✓            +1 -0││         1 - [ ] review                                                                 │"
"│▌? todo.md             +1 -0││                                                                                        │"
"│                            ││                                                                                        │"
"│                            ││                                                                                        │"
"│                            ││                                                                                        │"
"│                            ││                                                                                        │"
"│                            ││                                                                                        │"
"│                            ││                                                                                        │"
"│                            ││                                                                                        │"
"│                            ││                                                                                        │"
"│                            ││                                                                                        │"
"│                            ││                                                                                        │"
"│                            ││                                                                                        │"
"│                            ││                                                                                        │"
"│                            ││                                                                                        │"
"│                            ││                                                                                        │"
"│                            ││                                                                                        │"
"│                            ││                                                                                        │"
"│                            ││                                                                                        │"
"│                            ││                                                                                        │"
"│                            ││                                                                                        │"
"│                            ││                                                                                        │"
"│                            ││                                                                                        │"
"│                            ││                                                                                        │"
"│                            ││                                                                                        │"
"│                            ││                                                                                        │"
"│                            ││                                                                                        │"
"│                            ││                                                                                        │"
"│                            ││                                                                                        │"
"│                            ││                                                                                        │"
"│                            ││                                                                                        │"
"│                            ││                                                                                        │"
"│                            ││                                                                                        │"
"│                            ││                                                                                        │"
"╰────────────────────────────╯╰────────────────────────────────────────────────────────────────────────────────────────╯"
" DIFF  fixture@main  mcp off  viewed 2/3 files                                                                          "
