---
source: crates/diffler/src/ui/status.rs
expression: render(&mut app).backend()
---
" Hint: <tab> toggle  s stage  u unstage  x discard  cc commit  ? help                                                   "
" Head:     main c1ac28f initial commit                                                                                  "
" Changes   +3 -1  █████                                                                                                 "
"                                                                                                                        "
" ▾ Untracked (1) +1 -0                                                                                                  "
"     ? todo.md +1 -0                                                                                                    "
"                                                                                                                        "
" ▾ Unstaged changes (1) +1 -1                                                                                           "
"     ▾ src                                                                                                              "
"       M lib.rs +1 -1                                                                                                   "
"                                                                                                                        "
" ▾ Staged changes (1) +1 -0                                                                                             "
"     A ci.yml +1 -0                                                                                                     "
"                                                                                                                        "
" ▸ Recent commits (1)                                                                                                   "
"                                                                                                                        "
"                                                                                                                        "
"                                          ╭ Checkout branch ─────────────────╮                                          "
"                                          │   feat/topic                     │                                          "
"                                          │ * main                           │                                          "
"                                          │j/k move  enter select  esc back  │                                          "
"                                          ╰──────────────────────────────────╯                                          "
"                                                                                                                        "
"                                                                                                                        "
"                                                                                                                        "
"                                                                                                                        "
"                                                                                                                        "
"                                                                                                                        "
"                                                                                                                        "
"                                                                                                                        "
"                                                                                                                        "
"                                                                                                                        "
"                                                                                                                        "
"                                                                                                                        "
"                                                                                                                        "
"                                                                                                                        "
"                                                                                                                        "
"                                                                                                                        "
"                                                                                                                        "
" STATUS  fixture@main  mcp off  3 files, 0 viewed                                                                       "
