---
source: crates/diffler/src/ui/diff.rs
expression: render(&mut app).backend()
---
" c add comment · r reply · m mark viewed · C see comment list · ? help                                                  "
" Files                           Diff                                                      Comments (1) · flat list     "
" ▾ src                    +1 -1  new file  ci.yml · 1 comment                 +1 -0 █████ ▌○ reviewer this line reads…  "
"   ● lib.rs               +1 -1  @@ -0,0 +1,1 @@                                                                        "
"▌+ ci.yml ·1              +1 -0 ▌        1 on: push                                                                     "
" ○ todo.md                +1 -0   ▌ reviewer · open                                                                     "
"                                  ▌ this line reads oddly and should wrap across the                                    "
"                                  ▌ column                                                                              "
"                                                                                                                        "
"                                                                                                                        "
"                                                                                                                        "
"                                                                                                                        "
"                                                                                                                        "
"                                                                                                                        "
"                                                                                                                        "
"                                                                                                                        "
"                                                                                                                        "
"                                                                                                                        "
"                                                                                                                        "
"                                                                                                                        "
"                                                                                                                        "
"                                                                                                                        "
"                                                                                                                        "
"                                                                                                                        "
"                                                                                                                        "
"                                                                                                                        "
"                                                                                                                        "
"                                                                                                                        "
"                                                                                                                        "
"                                                                                                                        "
"                                                                                                                        "
"                                                                                                                        "
"                                                                                                                        "
"                                                                                                                        "
"                                                                                                                        "
"                                                                                                                        "
"                                                                                                                        "
"                                                                                                                        "
"                                                                                                                        "
" DIFF  fixture@main · mcp off · viewed 0/3 files                                                                        "
