---
source: crates/diffler/src/ui/status.rs
expression: terminal.backend()
---
" Hint: c commit  b branch  l log  s stage  x discard  ? help                                                            "
" Head:     main c1ac28f initial commit                                                                                  "
" Changes   +3 -1  █████                                                                                                 "
"                                                                                                                        "
" Help — status keys ────────────────────────────────────────────────────────────────────────────────────────────────────"
"Actions                                                                                                                 "
" j  move_down                                                                                                           "
" k  move_up                                                                                                             "
" gg  go_top                                                                                                             "
" G  go_bottom                                                                                                           "
" v  mark_viewed                                                                                                         "
" <c-n>  next_section                                                                                                    "
" <c-p>  prev_section                                                                                                    "
" <tab>  toggle_fold                                                                                                     "
" s  stage                                                                                                               "
" u  unstage                                                                                                             "
" S  stage_all                                                                                                           "
" U  unstage_all                                                                                                         "
" x  discard                                                                                                             "
" <c-r>  refresh                                                                                                         "
" <cr>  open                                                                                                             "
" D  open_review_diff                                                                                                    "
" {  prev_hunk                                                                                                           "
" }  next_hunk                                                                                                           "
" e  open_editor                                                                                                         "
" Z  send_feedback                                                                                                       "
" ?  help                                                                                                                "
" q  back                                                                                                                "
" c  Commit …                                                                                                            "
"   c  Commit                                                                                                            "
"   e  Extend                                                                                                            "
"   a  Amend                                                                                                             "
"   w  Reword                                                                                                            "
" b  Branch …                                                                                                            "
"   b  Checkout branch                                                                                                   "
"   c  Create and checkout                                                                                               "
"   n  Create                                                                                                            "
"   D  Delete                                                                                                            "
" l  Log …                                                                                                               "
"   l  Current branch                                                                                                    "
