---
source: crates/diffler/src/ui/diff.rs
expression: render(&mut app).backend()
---
" c add comment · r reply · m mark viewed · C see comment list · ? help                                                  "
" Files                           Diff                                                      Comments (6) · by file       "
" ▾ src                    +1 -1  modified  src/lib.rs · 3 comments            +1 -1 █████  ▸ ci.yml (2)                 "
"▌  ● lib.rs ·3            +1 -1  answer                                                    ▾ src/lib.rs (3)             "
" + ci.yml ·2              +1 -0  @@ -1,3 +1,3 @@                                          ▌  ○ reviewer lib.rs:1        "
" ○ todo.md ·1             +1 -0     1    1 pub fn answer() -> u32 {                       ▌   why 42?                   "
"                                  ▌ reviewer · open                                                                     "
"                                  ▌ why 42?                                                  ○ alexandra-the-longform-re"
"                                  ▌                                                          ○ dave This preview has …  "
"                                ▌   2          41                                                                       "
"                                ▌        2     42                                          ▸ todo.md (1)                "
"                                  ▌ alexandra-the-longform-reviewer · open                                              "
"                                  ▌ looks fine                                                                          "
"                                  ▌                                                                                     "
"                                    3    3 }                                                                            "
"                                  ▌ dave · open                                                                         "
"                                  ▌ This preview has to run long enough that the                                        "
"                                  ▌ collapsed row has no choice but to elide it with an                                 "
"                                  ▌ ellipsis at the end.                                                                "
"                                                                                                                        "
"                                                                                                                        "
"                                                                                                                        "
"                                                                                                                        "
"                                                                                                                        "
"                                                                                                                        "
"                                                                                                                        "
"                                                                                                                        "
"                                                                                                                        "
"                                                                                                                        "
"                                                                                                                        "
"                                                                                                                        "
"                                                                                                                        "
"                                                                                                                        "
"                                                                                                                        "
"                                                                                                                        "
"                                                                                                                        "
"                                                                                                                        "
"                                                                                                                        "
"                                                                                                                        "
" DIFF  fixture@main · mcp off · viewed 0/3 files                                                      comments: by file "
