---
source: crates/diffler/src/ui/graph.rs
expression: terminal.backend()
---
" Hint: h/j/k/l move  <cr> open/fold  / search  ? help                           "
"                                                                                "
"                                                                                "
"                                                                                "
"                                                                                "
"                                                                                "
"                                                                                "
"                                                                                "
"                                                                                "
"                                                                                "
"                                                                                "
"                                                                                "
"                                                                                "
"                                                                                "
"                                                                                "
"                                                                                "
"                                                                                "
" run extras ────────────────────────────────────────────────────────────────────"
"artifacts                                                                       "
"  coverage  2.0 KB                                                              "
"annotations                                                                     "
"  ⚠ src/lib.rs:12  unused import                                                "
"                                                                                "
" GRAPH  zoom: normal                                                            "
