---
source: crates/diffler/src/ui/diff.rs
expression: render(&mut app).backend()
---
" c comment · r reply · v viewed · C all comments · ? help                                                               "
" Files                           Diff vs main                                                                           "
"▌○ dirty.rs               +1 -0  untracked dirty.rs                                                          +1 -0 █████"
" + landed.rs              +3 -0  dirty                                                                                  "
"                                 @@ -0,0 +1,1 @@                                                                        "
"                                ▌        1 pub fn dirty() {}                                                            "
"                                                                                                                        "
"                                                                                                                        "
"                                                                                                                        "
"                                                                                                                        "
"                                                                                                                        "
"                                                                                                                        "
"                                                                                                                        "
"                                                                                                                        "
"                                                                                                                        "
"                                                                                                                        "
"                                                                                                                        "
"                                                                                                                        "
"                                                                                                                        "
"                                                                                                                        "
"                                                                                                                        "
"                                                                                                                        "
"                                                                                                                        "
"                                                                                                                        "
"                                                                                                                        "
"                                                                                                                        "
"                                                                                                                        "
"                                                                                                                        "
"                                                                                                                        "
"                                                                                                                        "
"                                                                                                                        "
"                                                                                                                        "
"                                                                                                                        "
"                                                                                                                        "
"                                                                                                                        "
"                                                                                                                        "
"                                                                                                                        "
"                                                                                                                        "
"                                                                                                                        "
" DIFF vs main  fixture@feature · mcp off · viewed 0/2 files                                                             "
