---
source: crates/diffler/src/ui/diff.rs
expression: render(&mut app).backend()
---
" c add comment · r reply · m mark viewed · C see comment list · ? help                                                  "
" Files                           Diff                                                                                   "
"▌● f.rs                   +2 -2  modified  f.rs                                                              +2 -2 █████"
"                                 f17                                                                                    "
"                                 @@ -2,7 +2,7 @@ fn f1() {}  ⋯ 8 lines +1 -1                                            "
"                                 @@ -17,7 +17,7 @@ fn f16() {}                                                          "
"                                   17   17 fn f17() {}                                                                  "
"                                   18   18 fn f18() {}                                                                  "
"                                   19   19 fn f19() {}                                                                  "
"                                ▌  20      fn f20() {}                                                                  "
"                                ▌       20 fn twenty() {}                                                               "
"                                   21   21 fn f21() {}                                                                  "
"                                   22   22 fn f22() {}                                                                  "
"                                   23   23 fn f23() {}                                                                  "
"                                                                                                                        "
"                                                                                                                        "
"                                                                                                                        "
"                                                                                                                        "
"                                                                                                                        "
"                                                                                                                        "
"                                                                                                                        "
"                                                                                                                        "
"                                                                                                                        "
"                                                                                                                        "
"                                                                                                                        "
"                                                                                                                        "
"                                                                                                                        "
"                                                                                                                        "
"                                                                                                                        "
"                                                                                                                        "
"                                                                                                                        "
"                                                                                                                        "
"                                                                                                                        "
"                                                                                                                        "
"                                                                                                                        "
"                                                                                                                        "
"                                                                                                                        "
"                                                                                                                        "
"                                                                                                                        "
" DIFF  fixture@main · mcp off · viewed 0/1 files                                                                        "
