---
source: crates/diffler/src/ui/ci_log.rs
expression: terminal.backend()
---
" Hint: <tab> fold  / search  ? help                         "
"                                                            "
" ▸ Build  1 lines                                           "
" ▸ Test  2 lines                                            "
"                                                            "
"                                                            "
"                                                            "
" STATUS  fixture@main  mcp off                              "
