---
source: crates/diffler/src/ui/ci_log.rs
expression: terminal.backend()
---
" Hint: <tab> fold  / search  ? help                         "
"                                                            "
"  waiting for logs…                                         "
"                                                            "
"                                                            "
" STATUS  fixture@main  mcp off  3 files, 0 viewed           "
