---
source: crates/diffler/src/ui/logs.rs
expression: terminal.backend()
---
" Hint: <tab> fold  / search  ? help                         "
"                                                            "
" ▸ ✓ Set up job  2s  1 lines                                "
" ▸ ✗ Run cargo clippy  1m13s  1 lines                       "
"                                                            "
" STATUS  fixture@main  mcp off  3 files, 0 viewed           "
