---
source: crates/diffler/src/ui/diff.rs
expression: render(&mut app).backend()
---
" c add comment · r reply · m mark viewed · C see comment list · ? help                                                  "
" How the answer moved (1)        Diff                                                                                   "
"▌Summary                         modified  src/lib.rs · 1 comment                                            +1 -1 █████"
" The answer  lib.rs                                                                                                     "
"                                  ▌ Summary                                                                             "
"                                  ▌ the shape of the change                                                             "
"                                  ▌                                                                                     "
"                                                                                                                        "
"                                                                                                                        "
"                                                                                                                        "
"                                                                                                                        "
"                                                                                                                        "
"                                                                                                                        "
"                                                                                                                        "
"                                                                                                                        "
"                                                                                                                        "
"                                                                                                                        "
"                                                                                                                        "
"                                                                                                                        "
"                                                                                                                        "
"                                                                                                                        "
"                                                                                                                        "
"                                                                                                                        "
"                                                                                                                        "
"                                                                                                                        "
"                                                                                                                        "
"                                                                                                                        "
"                                                                                                                        "
"                                                                                                                        "
"                                                                                                                        "
"                                                                                                                        "
"                                                                                                                        "
"                                                                                                                        "
"                                                                                                                        "
"                                                                                                                        "
"                                                                                                                        "
"                                                                                                                        "
"                                                                                                                        "
"                                                                                                                        "
" DIFF  fixture@main · mcp off · viewed 0/3 files                                                                        "
