---
source: crates/diffler/src/ui/status.rs
expression: render(&mut app).backend()
---
" Hint: <tab> toggle  s stage  u unstage  x discard  cc commit  ? help                                                   "
" Head:     main c1ac28f initial commit                                                                                  "
" Changes   +3 -1  █████                                                                                                 "
"                                                                                                                        "
" ▾ Untracked (1) +1 -0                                                                                                  "
"     untracked todo.md                                                                                                  "
"                                                                                                                        "
" ▾ Unstaged changes (1) +1 -1                                                                                           "
"     modified  src/lib.rs                                                                                               "
"                                                                                                                        "
" ▾ Staged changes (1) +1 -0                                                                                             "
"     new file  ci.yml                                                                                                   "
"                                                                                                                        "
" ▸ Recent commits (1)                                                                                                   "
"                                                                                                                        "
"                                                                                                                        "
"                                                                                                                        "
"                                                                                                                        "
"                                                                                                                        "
"                                                                                                                        "
"                                                                                                                        "
"                                                                                                                        "
"                                                                                                                        "
"                                                                                                                        "
"                                                                                                                        "
"                                                                                                                        "
"                                                                                                                        "
"                                                                                                                        "
"                                                                                                                        "
"                                                                                                                        "
"                                                                                                                        "
"                                                                                                                        "
"                                                                                                                        "
"                                                                                                                        "
" Branch ────────────────────────────────────────────────────────────────────────────────────────────────────────────────"
"Actions                                                                                                                 "
" b  checkout                                                                                                            "
" c  create and checkout                                                                                                 "
" n  create                                                                                                              "
" D  delete                                                                                                              "
