---
source: crates/diffler/src/ui/diff.rs
expression: render(&mut app).backend()
---
" Hint: <tab> focus  c comment  V select  r reply  R resolve  v viewed  | split  <c-n>/<c-p> file  y/Y copy  q back      "
"╭ Files ─────────────────────╮╭ Diff d9516cb..df770b9 ─────────────────────────────────────────────────────────────────╮"
"│ ▾ src                      ││ new file  ci.yml                                                            +1 -0 █████│"
"│   M lib.rs            +1 -1││                                                                                        │"
"│   A util.rs           +3 -0││         1 on: push                                                                     │"
"│▌A ci.yml              +1 -0││                                                                                        │"
"│ M notes.txt           +1 -0││                                                                                        │"
"│ A todo.md             +1 -0││                                                                                        │"
"│                            ││                                                                                        │"
"│                            ││                                                                                        │"
"│                            ││                                                                                        │"
"│                            ││                                                                                        │"
"│                            ││                                                                                        │"
"│                            ││                                                                                        │"
"│                            ││                                                                                        │"
"│                            ││                                                                                        │"
"│                            ││                                                                                        │"
"│                            ││                                                                                        │"
"│                            ││                                                                                        │"
"│                            ││                                                                                        │"
"│                            ││                                                                                        │"
"│                            ││                                                                                        │"
"│                            ││                                                                                        │"
"│                            ││                                                                                        │"
"│                            ││                                                                                        │"
"│                            ││                                                                                        │"
"│                            ││                                                                                        │"
"│                            ││                                                                                        │"
"│                            ││                                                                                        │"
"│                            ││                                                                                        │"
"│                            ││                                                                                        │"
"│                            ││                                                                                        │"
"│                            ││                                                                                        │"
"│                            ││                                                                                        │"
"│                            ││                                                                                        │"
"│                            ││                                                                                        │"
"│                            ││                                                                                        │"
"│                            ││                                                                                        │"
"╰────────────────────────────╯╰────────────────────────────────────────────────────────────────────────────────────────╯"
" DIFF  fixture@main  mcp off  viewed 0/5 files                                                                          "
