---
source: crates/diffler/src/ui/status.rs
expression: render(&mut app).backend()
---
" c commit · b branch · s stage · x discard · ? help                                                                     "
" Head:     main c1ac28f Commands ───────────────────────────────────────────────────────────────                        "
" Changes   +3 -1  █████ >                                                                                               "
" Languages ████████████ select several rows                                                 V                           "
"                        move down                                                           j                           "
"▌▾ Untracked (1) +1 -0  move up                                                             k                           "
" ○ todo.md +1 -0        go to top                                                          gg                           "
"                        go to bottom                                                        G                           "
" ▾ Unstaged changes (1) scroll down half a page                                         <c-d>                           "
" ● src/lib.rs +1 -1     scroll up half a page                                           <c-u>                           "
"                        mark this file or folder as viewed                                  m                           "
" ▾ Staged changes (1) + jump to the next section                                        <c-n>                           "
" + ci.yml +1 -0         jump to the previous section                                    <c-p>                           "
"                        fold or unfold the item under the cursor                        <tab>                           "
" ▸ Recent commits (1)   stage file or hunk                                                  s                           "
"                        unstage file or hunk                                                u                           "
"─────────────────────── stage everything                                                    S   ────────────────────────"
"                        unstage everything                                                  U                           "
" ▸ Branches (1)         discard the changes under the cursor                                x                           "
"                        reload                                                          <c-r>                           "
"                        open the item under the cursor                                   <cr>                           "
"                        review all uncommitted changes                                      D                           "
"                        change the theme                                                    T                           "
"                        see CI runs                                                         o                           "
"                        jump to the previous section                                        [                           "
"                        jump to the next section                                            ]                           "
"                        open this file in your editor                                       e                           "
"                        edit this text in your editor                                   <c-g>                           "
"                        find a file in the repository                                      gf                           "
"                        blame this file: see who last changed each line                     B                           "
"                        see lines of code per language                                      L                           "
"                        copy the web link                                                   y                           "
"                        send your comments to the waiting agent                             Z                           "
"                        search                                                              /                           "
"                        go to the next match                                                n                           "
"                        go to the previous match                                            N                           "
"                        search all commands                                             <c-k>                           "
"                        type to filter · enter run · tab list · esc close                                               "
"                                                                                                                        "
" STATUS  fixture@main · mcp off · 3 files, 0 viewed                                                                     "
