---
source: crates/diffler/src/ui/popup.rs
expression: terminal.backend()
---
"status screen content behind the popup                                                                                  "
"                                                                                                                        "
"                                                                                                                        "
"                                                                                                                        "
"                                                                                                                        "
"                                                                                                                        "
"                                                                                                                        "
"                                                                                                                        "
"                                                                                                                        "
"                                                                                                                        "
"                                                                                                                        "
"                                                                                                                        "
"                                                                                                                        "
"                                                                                                                        "
"                       Create pull request ───────────────────────────────────────────────────────                      "
"                       head  feat/pr-create  (2 commits, pushes on create)                                              "
"                                                                                                                        "
"                       base   main                                                                                      "
"                      ▌title  pr create                                                                                 "
"                       body   2 lines                                                                                   "
"                       draft  no                                                                                        "
"                       [ Create ]                                                                                       "
"                       [ Cancel ]                                                                                       "
"                                                                                                                        "
"                       j/k move   ⏎ edit   e editor   d draft   c create   esc cancel                                   "
"                                                                                                                        "
"                                                                                                                        "
"                                                                                                                        "
"                                                                                                                        "
"                                                                                                                        "
"                                                                                                                        "
"                                                                                                                        "
"                                                                                                                        "
"                                                                                                                        "
"                                                                                                                        "
"                                                                                                                        "
"                                                                                                                        "
"                                                                                                                        "
"                                                                                                                        "
"                                                                                                                        "
