---
source: crates/diffler/src/ui/diff.rs
expression: render(&mut app).backend()
---
" Hint: c comment  V select  r reply  R resolve  v viewed  <tab> fold  y/Y copy  q back                                  "
" ▾ new file  ci.yml                                                                                                     "
" @@ -0,0 +1,1 @@                                                                                                        "
"         1 on: push                                                                                                     "
" ▸ modified  src/lib.rs ✓ viewed                                                                                        "
" ▾ untracked todo.md                                                                                                    "
" @@ -0,0 +1,1 @@                                                                                                        "
"         1 - [ ] review                                                                                                 "
"                                                                                                                        "
"                                                                                                                        "
"                                                                                                                        "
"                                                                                                                        "
"                                                                                                                        "
"                                                                                                                        "
"                                                                                                                        "
"                                                                                                                        "
"                                                                                                                        "
"                                                                                                                        "
"                                                                                                                        "
"                                                                                                                        "
"                                                                                                                        "
"                                                                                                                        "
"                                                                                                                        "
"                                                                                                                        "
"                                                                                                                        "
"                                                                                                                        "
"                                                                                                                        "
"                                                                                                                        "
"                                                                                                                        "
"                                                                                                                        "
"                                                                                                                        "
"                                                                                                                        "
"                                                                                                                        "
"                                                                                                                        "
"                                                                                                                        "
"                                                                                                                        "
"                                                                                                                        "
"                                                                                                                        "
"                                                                                                                        "
" DIFF  fixture@main  mcp off  viewed 1/3 files                                                                          "
