---
source: crates/diffler/src/ui/runs.rs
expression: terminal.backend()
---
" Hint: j/k move  <cr> open graph  / search  q back                              "
"  no runs yet…                                                                  "
"                                                                                "
"                                                                                "
"                                                                                "
" STATUS  fixture@main  mcp off  3 files, 0 viewed                               "
