---
source: crates/diffler/src/ui/diff.rs
expression: render(&mut app).backend()
---
" c comment · r reply · v viewed · C comments · ? help                                                                   "
" Files                           Diff                                                                                   "
" ▾ src                           new file  ci.yml                                                            +1 -0 █████"
"   ● lib.rs               +1 -1  @@ -0,0 +1,1 @@                                                                        "
"▌+ ci.yml                 +1 -0 ▌        1 on: push                                                                     "
" ○ todo.md                +1 -0                                                                                         "
"                                                                                                                        "
"                                                                                                                        "
"                                                                                                                        "
"                                                                                                                        "
"                                                                                                                        "
"                                                                                                                        "
"                                                                                                                        "
"                                                                                                                        "
"                                                                                                                        "
"                                                                                                                        "
"                                                                                                                        "
"                                                                                                                        "
"                                                                                                                        "
"                                                                                                                        "
"                                                                                                                        "
"                                                                                                                        "
"                                                                                                                        "
"                                                                                                                        "
"                                                                                                                        "
"                                                                                                                        "
"                                                                                                                        "
"                                                                                                                        "
"                                                                                                                        "
"                                                                                                                        "
"                                                                                                                        "
" Submit review — PR #7 ─────────────────────────────────────────────────────────────────────────────────────────────────"
" posting 3: 2 comments, 1 thread reply                                                                                  "
" 2 agent replies held back (the forge post is yours)                                                                    "
" 1 whole-file comment held back (a review carries line comments only)                                                   "
"Actions                                                                                                                 "
" a  approve                                                                                                             "
" x  request changes                                                                                                     "
" c  comment only                                                                                                        "
" esc  cancel                                                                                                            "
