---
source: crates/diffler/src/ui/diff.rs
expression: terminal.backend()
---
" Hint: <tab> focus  c comment  V select  r reply  R resolve  v viewed  | split  <c-n>/<c-p> file  y/Y copy  q back      "
"╭ Files ─────────────────────╮╭ Diff ──────────────────────────────────────────────────────────────────────────────────╮"
"│ ▾ src                      ││ modified  src/lib.rs · resolved                                             +1 -1 █████│"
"│▌  M lib.rs            +1 -1││                                                                                        │"
"│ A ci.yml              +1 -0││    1    1 pub fn answer() -> u32 {                                                     │"
"│ ? todo.md             +1 -0││    2          41                                                                       │"
"│                            ││         2     42                                                                       │"
"│                            ││  ▌ reviewer · resolved                                                                 │"
"│                            ││  ▌ why 42?                                                                             │"
"│                            ││  ▌                                                                                     │"
"│                            ││    3    3 }                                                                            │"
"│                            ││                                                                                        │"
"│                            ││                                                                                        │"
"│                            ││                                                                                        │"
"│                            ││                                                                                        │"
"│                            ││                                                                                        │"
"│                            ││                                                                                        │"
"│                            ││                                                                                        │"
"│                            ││                                                                                        │"
"│                            ││                                                                                        │"
"│                            ││                                                                                        │"
"│                            ││                                                                                        │"
"│                            ││                                                                                        │"
"│                            ││                                                                                        │"
"│                            ││                                                                                        │"
"│                            ││                                                                                        │"
"│                            ││                                                                                        │"
"│                            ││                                                                                        │"
"│                            ││                                                                                        │"
"│                            ││                                                                                        │"
"│                            ││                                                                                        │"
"│                            ││                                                                                        │"
"│                            ││                                                                                        │"
"│                            ││                                                                                        │"
"│                            ││                                                                                        │"
"│                            ││                                                                                        │"
"│                            ││                                                                                        │"
"│                            ││                                                                                        │"
"╰────────────────────────────╯╰────────────────────────────────────────────────────────────────────────────────────────╯"
" DIFF  fixture@main  mcp off  viewed 0/3 files                                                                          "
