---
source: crates/diffler/src/ui/diff.rs
expression: render(&mut app).backend()
---
" c add comment · r reply · m mark viewed · C see comment list · ? help                                                  "
" Files                           Diff · structural                                                                      "
" ▾ src                    +2 -2  modified  src/main.rs                                                       +2 -2 █████"
"▌  ● main.rs              +2 -2  main                                                                                   "
"                                 @@ -1,4 +1,4 @@                                                                        "
"                                    1    1 fn main() {                                                                  "
"                                    2     ≈    let total=add(1,2);                                                      "
"                                ▌   3          let label = name(total);                                                 "
"                                         2≈    let total = add(1, 2);                                                   "
"                                ▌        3     let label = title(total);                                                "
"                                    4    4 }                                                                            "
"                                                                                                                        "
"                                                                                                                        "
"                                                                                                                        "
"                                                                                                                        "
"                                                                                                                        "
"                                                                                                                        "
"                                                                                                                        "
"                                                                                                                        "
"                                                                                                                        "
"                                                                                                                        "
"                                                                                                                        "
"                                                                                                                        "
"                                                                                                                        "
"                                                                                                                        "
"                                                                                                                        "
"                                                                                                                        "
"                                                                                                                        "
"                                                                                                                        "
"                                                                                                                        "
"                                                                                                                        "
"                                                                                                                        "
"                                                                                                                        "
"                                                                                                                        "
"                                                                                                                        "
"                                                                                                                        "
"                                                                                                                        "
"                                                                                                                        "
"                                                                                                                        "
" DIFF  fixture@main · mcp off · viewed 0/1 files                   structural keeps the hunks, dims reformat-only lines "
