---
source: crates/diffler/src/ui/status.rs
expression: render(&mut app).backend()
---
" Hint: c commit  b branch  s stage  x discard  ? help                                                                   "
" Head:     main c1ac28f initial commit                                                                                  "
" Changes   +3 -1  █████                                                                                                 "
"                                                                                                                        "
" ▸ Untracked (1) +1 -0                                                                                                  "
"                                                                                                                        "
" ▸ Unstaged changes (1) +1 -1                                                                                           "
"                                                                                                                        "
" ▸ Staged changes (1) +1 -0                                                                                             "
"                                                                                                                        "
" ▸ Recent commits (1)                                                                                                   "
"                                                                                                                        "
"                                                                                                                        "
"                                                                                                                        "
"                                                                                                                        "
"                                                                                                                        "
"                                                                                                                        "
"                                                                                                                        "
"                                                                                                                        "
"                                                                                                                        "
"                                                                                                                        "
"                                                                                                                        "
"                                                                                                                        "
"                                                                                                                        "
"                                                                                                                        "
"                                                                                                                        "
"                                                                                                                        "
"                                                                                                                        "
"                                                                                                                        "
"                                                                                                                        "
"                                                                                                                        "
"                                                                                                                        "
"                                                                                                                        "
"                                                                                                                        "
"                                                                                                                        "
"                                                                                                                        "
"                                                                                                                        "
"                                                                                                                        "
"                                                                                                                        "
" STATUS  fixture@main  mcp off  3 files, 0 viewed                                                                       "
