---
source: crates/diffler/src/ui/status.rs
expression: render(&mut app).backend()
---
" Hint: c commit  b branch  s stage  x discard  ? help                                                                   "
" Head:     main c1ac28f initial comm╭ Commands ────────────────────────────────────╮                                    "
" Changes   +3 -1  █████             │ >                                            │                                    "
"                                    │ move down                                  j │                                    "
" ▾ Untracked (1) +1 -0              │ move up                                    k │                                    "
" ? todo.md +1 -0                    │ go to top                                 gg │                                    "
"                                    │ go to bottom                               G │                                    "
" ▾ Unstaged changes (1) +1 -1       │ half page down                         <c-d> │                                    "
" M src/lib.rs +1 -1                 │ half page up                           <c-u> │                                    "
"                                    │ mark the file viewed                       v │                                    "
" ▾ Staged changes (1) +1 -0         │ next section                           <c-n> │                                    "
" A ci.yml +1 -0                     │ previous section                       <c-p> │                                    "
"                                    │ fold / unfold                          <tab> │                                    "
" ▸ Recent commits (1)               │ stage file or hunk                         s │                                    "
"                                    │ unstage file or hunk                       u │                                    "
"                                    │ stage everything                           S │                                    "
"                                    │ unstage everything                         U │                                    "
"                                    │ discard changes                            x │                                    "
"                                    │ refresh                                <c-r> │                                    "
"                                    │ open the item under the cursor          <cr> │                                    "
"                                    │ open the full working-tree diff            D │                                    "
"                                    │ open CI runs                               o │                                    "
"                                    │ previous hunk                              { │                                    "
"                                    │ next hunk                                  } │                                    "
"                                    │ open in $EDITOR                            e │                                    "
"                                    │ send feedback to waiting agents            Z │                                    "
"                                    │ overview of every comment                  C │                                    "
"                                    │ search                                     / │                                    "
"                                    │ next search match                          n │                                    "
"                                    │ previous search match                      N │                                    "
"                                    │ command palette                        <c-k> │                                    "
"                                    │ help                                       ? │                                    "
"                                    │ back                                       q │                                    "
"                                    │ commit                                   c c │                                    "
"                                    │ extend HEAD with the staged index        c e │                                    "
"                                    │ amend HEAD (message and content)         c a │                                    "
"                                    │ reword the HEAD commit message           c w │                                    "
"                                    │ enter run · tab cycle · esc close            │                                    "
"                                    ╰──────────────────────────────────────────────╯                                    "
" STATUS  fixture@main  mcp off  3 files, 0 viewed                                                                       "
