---
source: crates/diffler/src/ui/popup.rs
expression: terminal.backend()
---
"status screen content behind the popup                                                                                  "
"                                                                                                                        "
"                                                                                                                        "
"                                                                                                                        "
"                                                                                                                        "
"                                                                                                                        "
"                                                                                                                        "
"                                                                                                                        "
"                                                                                                                        "
"                                                                                                                        "
"                                                                                                                        "
"                                                                                                                        "
"                                                                                                                        "
"                                                                                                                        "
"                                                                                                                        "
"                                                                                                                        "
"                                                                                                                        "
"                                                                                                                        "
"                                                                                                                        "
"                                                                                                                        "
"                                                                                                                        "
"                                                                                                                        "
"                                                                                                                        "
"                                                                                                                        "
"                                                                                                                        "
"                                                                                                                        "
"                                                                                                                        "
"                                                                                                                        "
"                                                                                                                        "
"                                                                                                                        "
"                                                                                                                        "
"                                                                                                                        "
"                                                                                                                        "
"                                                                                                                        "
" Commit ────────────────────────────────────────────────────────────────────────────────────────────────────────────────"
" Create                                                                                                                 "
" c  Commit                                                                                                              "
" e  Extend                                                                                                              "
" a  Amend                                                                                                               "
" w  Reword                                                                                                              "
