---
source: crates/diffler/src/ui/diff.rs
expression: render(&mut app).backend()
---
" c add comment · r reply · m mark viewed · C see comment list · ? help                                                  "
" Files                           Diff                                                                                   "
"▌● f.rs ·1                +2 -2  modified  f.rs · 1 comment                                                  +2 -2 █████"
"                                 d                                                                                      "
"                                 @@ -1,9 +1,9 @@                                                                        "
"                                    1    1 fn d() {                                                                     "
"                                ▌   2          six();                                                                   "
"                                ▌        2     SIX();                                                                   "
"                                 ⋯ 3 lines · fn d                                                                       "
"                                  ▌ reviewer · open                                                                     "
"                                  ▌ is nine still called?                                                               "
"                                  ▌                                                                                     "
"                                 ⋯ 2 lines · fn d                                                                       "
"                                ▌   8          twelve();                                                                "
"                                ▌        8     TWELVE();                                                                "
"                                    9    9 }                                                                            "
"                                                                                                                        "
"                                                                                                                        "
"                                                                                                                        "
"                                                                                                                        "
"                                                                                                                        "
"                                                                                                                        "
"                                                                                                                        "
"                                                                                                                        "
"                                                                                                                        "
"                                                                                                                        "
"                                                                                                                        "
"                                                                                                                        "
"                                                                                                                        "
"                                                                                                                        "
"                                                                                                                        "
"                                                                                                                        "
"                                                                                                                        "
"                                                                                                                        "
"                                                                                                                        "
"                                                                                                                        "
"                                                                                                                        "
"                                                                                                                        "
"                                                                                                                        "
" DIFF  fixture@main · mcp off · viewed 0/1 files                                                                        "
