---
source: crates/diffler/src/ui/diff.rs
expression: render(&mut app).backend()
---
" c add comment · r reply · m mark viewed · C see comment list · ? help                                                  "
" Files                           Diff                                                                                   "
"▌● f.rs                   +2 -2  modified  f.rs                                                              +2 -2 █████"
"                                 a                                                                                      "
"                                 @@ -1,10 +1,10 @@                                                                      "
"                                    1    1 fn a() {                                                                     "
"                                ▌   2          one();                                                                   "
"                                ▌        2     ONE();                                                                   "
"                                    3    3 }                                                                            "
"                                 ⋯ 4 lines · fn b                                                                       "
"                                    8    8 fn c() {                                                                     "
"                                ▌   9          four();                                                                  "
"                                ▌        9     FOUR();                                                                  "
"                                   10   10 }                                                                            "
"                                                                                                                        "
"                                                                                                                        "
"                                                                                                                        "
"                                                                                                                        "
"                                                                                                                        "
"                                                                                                                        "
"                                                                                                                        "
"                                                                                                                        "
"                                                                                                                        "
"                                                                                                                        "
"                                                                                                                        "
"                                                                                                                        "
"                                                                                                                        "
"                                                                                                                        "
"                                                                                                                        "
"                                                                                                                        "
"                                                                                                                        "
"                                                                                                                        "
"                                                                                                                        "
"                                                                                                                        "
"                                                                                                                        "
"                                                                                                                        "
"                                                                                                                        "
"                                                                                                                        "
"                                                                                                                        "
" DIFF  fixture@main · mcp off · viewed 0/1 files                                                                        "
