---
source: crates/diffler/src/ui/stats.rs
expression: render(&mut app).backend()
---
" s sort · <c-r> rescan · ? help                                                                                         "
"  Language         Files    Lines     Code  Comments  Blanks                                                            "
"▌● Rust                 2        9        6         2       1  ██████████████████  54.5%                                "
" ● Markdown             1        3        2         0       1  ██████░░░░░░░░░░░░  18.2%                                "
" ● Python               1        5        2         1       2  ██████░░░░░░░░░░░░  18.2%                                "
" ● HCL                  1        2        1         1       0  ███░░░░░░░░░░░░░░░   9.1%                                "
"────────────────────────────────────────────────────────────────────────────────────────────────────────────────────────"
"  total                5       19       11         4       4                                                            "
"  left out: 1 generated · 1 binary or oversized                                                                         "
"                                                                                                                        "
"                                                                                                                        "
"                                                                                                                        "
"                                                                                                                        "
"                                                                                                                        "
"                                                                                                                        "
"                                                                                                                        "
"                                                                                                                        "
"                                                                                                                        "
"                                                                                                                        "
"                                                                                                                        "
"                                                                                                                        "
"                                                                                                                        "
"                                                                                                                        "
"                                                                                                                        "
"                                                                                                                        "
"                                                                                                                        "
"                                                                                                                        "
"                                                                                                                        "
"                                                                                                                        "
"                                                                                                                        "
"                                                                                                                        "
"                                                                                                                        "
"                                                                                                                        "
"                                                                                                                        "
"                                                                                                                        "
"                                                                                                                        "
"                                                                                                                        "
"                                                                                                                        "
"                                                                                                                        "
" STATS  fixture@main · mcp off                                                                                          "
