---
source: crates/diffler/src/ui/status.rs
expression: render(&mut app).backend()
---
" Hint: <tab> toggle  s stage  u unstage  x discard  cc commit  ? help                                                   "
" Head:     main c1ac28f initial commit                                                                                  "
"                                                                                                                        "
" ▸ Untracked (1)                                                                                                        "
"                                                                                                                        "
" ▸ Unstaged changes (1)                                                                                                 "
"                                                                                                                        "
" ▸ Staged changes (1)                                                                                                   "
"                                                                                                                        "
" ▸ Recent commits (1)                                                                                                   "
"                                                                                                                        "
"                                                                                                                        "
"                                                                                                                        "
"                                                                                                                        "
"                                                                                                                        "
"                                                                                                                        "
"                                                                                                                        "
"                                                                                                                        "
"                                                                                                                        "
"                                                                                                                        "
"                                                                                                                        "
"                                                                                                                        "
"                                                                                                                        "
"                                                                                                                        "
"                                                                                                                        "
"                                                                                                                        "
"                                                                                                                        "
"                                                                                                                        "
"                                                                                                                        "
"                                                                                                                        "
"                                                                                                                        "
"                                                                                                                        "
"                                                                                                                        "
"                                                                                                                        "
"                                                                                                                        "
"                                                                                                                        "
"                                                                                                                        "
"                                                                                                                        "
"                                                                                                                        "
" STATUS  fixture@main  mcp off  3 files, 0 viewed                                                                       "
