---
source: crates/diffler/src/ui/diff.rs
expression: render(&mut app).backend()
---
" Hint: <tab> focus  c comment  V select  r reply  R resolve  v viewed  <c-n>/<c-p> file  y/Y copy  q back               "
"╭ Files ─────────────────────╮╭ Diff ──────────────────────────────────────────────────────────────────────────────────╮"
"│ ▾ src                      ││ modified  src/lib.rs                                                        +1 -1 █████│"
"│▌  M lib.rs            +1 -1││                                                                                        │"
"│ A ci.yml              +1 -0││    1    1 pub fn answer() -> u32 {                                                     │"
"│ ? todo.md             +1 -0││    2          41                                                                       │"
"│                            ││         2     42                                                                       │"
"│                            ││    3    3 }                                                                            │"
"│                            ││                                                                                        │"
"│                            ││                                                                                        │"
"│                            ││                                                                                        │"
"│                            ││                                                                                        │"
"│                            ││                                                                                        │"
"│                            ││                                                                                        │"
"│                            ││                                                                                        │"
"│                            ││                                                                                        │"
"│                            ││                                                                                        │"
"│                            ││                                                                                        │"
"│                            │╭ Comment src/lib.rs:2 ────────────────────────────────────╮                             │"
"│                            ││why                                                       │                             │"
"│                            ││enter submit  a-enter newline  esc cancel                 │                             │"
"│                            │╰──────────────────────────────────────────────────────────╯                             │"
"│                            ││                                                                                        │"
"│                            ││                                                                                        │"
"│                            ││                                                                                        │"
"│                            ││                                                                                        │"
"│                            ││                                                                                        │"
"│                            ││                                                                                        │"
"│                            ││                                                                                        │"
"│                            ││                                                                                        │"
"│                            ││                                                                                        │"
"│                            ││                                                                                        │"
"│                            ││                                                                                        │"
"│                            ││                                                                                        │"
"│                            ││                                                                                        │"
"│                            ││                                                                                        │"
"│                            ││                                                                                        │"
"│                            ││                                                                                        │"
"╰────────────────────────────╯╰────────────────────────────────────────────────────────────────────────────────────────╯"
" DIFF  fixture@main  mcp off  viewed 0/3 files                                                                          "
