---
source: crates/diffler/src/ui/runs.rs
expression: terminal.backend()
---
" jk move · ⏎ open graph · q back                                                "
"▌ ✓ CI                fix the thing                     main            abc1234 "
"  ✗ Release           fix the thing                     feature/x       9988776 "
"  ● Nightly           fix the thing                     main            0011223 "
"                                                                                "
"                                                                                "
"                                                                                "
" STATUS  fixture@main  mcp off  3 files, 0 viewed                               "
