---
source: crates/diffler/src/ui/status.rs
expression: render(&mut app).backend()
---
" Hint: <tab> toggle  s stage  u unstage  x discard  cc commit  ? help                                                   "
" Head:     main c1ac28f initial commit                                                                                  "
"                                                                                                                        "
" ▾ Untracked (1)                                                                                                        "
"     todo.md                                                                                                            "
"                                                                                                                        "
" ▾ Unstaged changes (1)                                                                                                 "
"     modified  src/lib.rs                                                                                               "
"                                                                                                                        "
" ▾ Staged changes (1)                                                                                                   "
"     new file  ci.yml                                                                                                   "
"                                                                                                                        "
" ▸ Recent commits (1)                                                                                                   "
"                                                                                                                        "
"                                                                                                                        "
"                                                                                                                        "
"                                                                                                                        "
"                                                                                                                        "
"                                           ╭ Confirm ───────────────────────╮                                           "
"                                           │Discard changes to src/lib.rs?  │                                           "
"                                           │y confirm   n cancel            │                                           "
"                                           ╰────────────────────────────────╯                                           "
"                                                                                                                        "
"                                                                                                                        "
"                                                                                                                        "
"                                                                                                                        "
"                                                                                                                        "
"                                                                                                                        "
"                                                                                                                        "
"                                                                                                                        "
"                                                                                                                        "
"                                                                                                                        "
"                                                                                                                        "
"                                                                                                                        "
"                                                                                                                        "
"                                                                                                                        "
"                                                                                                                        "
"                                                                                                                        "
"                                                                                                                        "
" STATUS  fixture@main  mcp off  3 files, 0 viewed                                                                       "
